// Vitest Snapshot v1, https://vitest.dev/guide/snapshot.html

exports[`cjs -> esm > static-multi-identifier 1`] = `
"import fs from "node:fs";
import { resolve, relative as rel } from "node:path";
import { test } from "./static-object-pattern.js";
let name;"
`;

exports[`cjs -> esm > static-object-pattern 1`] = `"import { readFile, readFileSync as rfs } from "node:fs";"`;

exports[`cjs -> esm > static-one-identifier 1`] = `"import fs from "node:fs";"`;

exports[`cjs -> esm > static-require-path-complete 1`] = `
"import path from "node:path";
import staticMultiIdentifier from "./static-multi-identifier.js";
import index from "../../src/index.js";"
`;
